# start pid=21614 os=Version 26.5.2 (Build 25F84)
# maximum-reserved-locales=5
# initial-reserved-locales=
# initial-installed-locales=de_DE,en_US
# initial-sample 2026-08-04T20:25:28.782Z;supported;supported;supported;installedDe=1;reservedDe=0;reservedCount=0;catalogMtime=1785870076;assetDirMtime=1785870226
# event reserve ok already-reserved=true
# post-reserve-reserved-locales=de_DE
2026-08-04T20:25:34.023Z;installed;installed;installed;installedDe=1;reservedDe=1;reservedCount=1;catalogMtime=1785870076;assetDirMtime=1785870226
2026-08-04T20:25:39.319Z;installed;installed;installed;installedDe=1;reservedDe=1;reservedCount=1;catalogMtime=1785870076;assetDirMtime=1785870226
2026-08-04T20:25:44.526Z;installed;installed;installed;installedDe=1;reservedDe=1;reservedCount=1;catalogMtime=1785870076;assetDirMtime=1785870226
2026-08-04T20:25:49.869Z;installed;installed;installed;installedDe=1;reservedDe=1;reservedCount=1;catalogMtime=1785870076;assetDirMtime=1785870226
2026-08-04T20:25:55.011Z;installed;installed;installed;installedDe=1;reservedDe=1;reservedCount=1;catalogMtime=1785870076;assetDirMtime=1785870226
2026-08-04T20:26:00.349Z;installed;installed;installed;installedDe=1;reservedDe=1;reservedCount=1;catalogMtime=1785870076;assetDirMtime=1785870226
2026-08-04T20:26:05.614Z;installed;installed;installed;installedDe=1;reservedDe=1;reservedCount=1;catalogMtime=1785870076;assetDirMtime=1785870226
2026-08-04T20:26:10.835Z;installed;installed;installed;installedDe=1;reservedDe=1;reservedCount=1;catalogMtime=1785870076;assetDirMtime=1785870226
2026-08-04T20:26:16.010Z;installed;installed;installed;installedDe=1;reservedDe=1;reservedCount=1;catalogMtime=1785870076;assetDirMtime=1785870226
2026-08-04T20:26:21.348Z;installed;installed;installed;installedDe=1;reservedDe=1;reservedCount=1;catalogMtime=1785870076;assetDirMtime=1785870226
2026-08-04T20:26:26.531Z;installed;installed;installed;installedDe=1;reservedDe=1;reservedCount=1;catalogMtime=1785870076;assetDirMtime=1785870226
2026-08-04T20:26:31.865Z;installed;installed;installed;installedDe=1;reservedDe=1;reservedCount=1;catalogMtime=1785870076;assetDirMtime=1785870226
2026-08-04T20:26:37.010Z;installed;installed;installed;installedDe=1;reservedDe=1;reservedCount=1;catalogMtime=1785870076;assetDirMtime=1785870226
2026-08-04T20:26:42.352Z;installed;installed;installed;installedDe=1;reservedDe=1;reservedCount=1;catalogMtime=1785870076;assetDirMtime=1785870226
2026-08-04T20:26:47.613Z;installed;installed;installed;installedDe=1;reservedDe=1;reservedCount=1;catalogMtime=1785870076;assetDirMtime=1785870226
2026-08-04T20:26:52.624Z;installed;installed;installed;installedDe=1;reservedDe=1;reservedCount=1;catalogMtime=1785870076;assetDirMtime=1785870226
2026-08-04T20:26:57.913Z;installed;installed;installed;installedDe=1;reservedDe=1;reservedCount=1;catalogMtime=1785870076;assetDirMtime=1785870226
2026-08-04T20:27:03.007Z;installed;installed;installed;installedDe=1;reservedDe=1;reservedCount=1;catalogMtime=1785870076;assetDirMtime=1785870226
2026-08-04T20:27:08.331Z;installed;installed;installed;installedDe=1;reservedDe=1;reservedCount=1;catalogMtime=1785870076;assetDirMtime=1785870226
2026-08-04T20:27:13.561Z;installed;installed;installed;installedDe=1;reservedDe=1;reservedCount=1;catalogMtime=1785870076;assetDirMtime=1785870226
2026-08-04T20:27:18.888Z;installed;installed;installed;installedDe=1;reservedDe=1;reservedCount=1;catalogMtime=1785870076;assetDirMtime=1785870226
2026-08-04T20:27:24.227Z;installed;installed;installed;installedDe=1;reservedDe=1;reservedCount=1;catalogMtime=1785870076;assetDirMtime=1785870226
2026-08-04T20:27:29.436Z;installed;installed;installed;installedDe=1;reservedDe=1;reservedCount=1;catalogMtime=1785870076;assetDirMtime=1785870226
2026-08-04T20:27:34.530Z;installed;installed;installed;installedDe=1;reservedDe=1;reservedCount=1;catalogMtime=1785870076;assetDirMtime=1785870226
2026-08-04T20:27:39.599Z;installed;installed;installed;installedDe=1;reservedDe=1;reservedCount=1;catalogMtime=1785870076;assetDirMtime=1785870226
2026-08-04T20:27:44.933Z;installed;installed;installed;installedDe=1;reservedDe=1;reservedCount=1;catalogMtime=1785870076;assetDirMtime=1785870226
2026-08-04T20:27:50.006Z;installed;installed;installed;installedDe=1;reservedDe=1;reservedCount=1;catalogMtime=1785870076;assetDirMtime=1785870226
2026-08-04T20:27:55.306Z;installed;installed;installed;installedDe=1;reservedDe=1;reservedCount=1;catalogMtime=1785870076;assetDirMtime=1785870226
2026-08-04T20:28:00.532Z;installed;installed;installed;installedDe=1;reservedDe=1;reservedCount=1;catalogMtime=1785870076;assetDirMtime=1785870226
2026-08-04T20:28:05.779Z;installed;installed;installed;installedDe=1;reservedDe=1;reservedCount=1;catalogMtime=1785870076;assetDirMtime=1785870226
2026-08-04T20:28:11.005Z;installed;installed;installed;installedDe=1;reservedDe=1;reservedCount=1;catalogMtime=1785870076;assetDirMtime=1785870226
2026-08-04T20:28:16.339Z;installed;installed;installed;installedDe=1;reservedDe=1;reservedCount=1;catalogMtime=1785870076;assetDirMtime=1785870226
2026-08-04T20:28:21.606Z;installed;installed;installed;installedDe=1;reservedDe=1;reservedCount=1;catalogMtime=1785870076;assetDirMtime=1785870226
2026-08-04T20:28:26.613Z;installed;installed;installed;installedDe=1;reservedDe=1;reservedCount=1;catalogMtime=1785870076;assetDirMtime=1785870226
2026-08-04T20:28:31.617Z;installed;installed;installed;installedDe=1;reservedDe=1;reservedCount=1;catalogMtime=1785870076;assetDirMtime=1785870226
2026-08-04T20:28:36.949Z;installed;installed;installed;installedDe=1;reservedDe=1;reservedCount=1;catalogMtime=1785870076;assetDirMtime=1785870226
2026-08-04T20:28:42.004Z;installed;installed;installed;installedDe=1;reservedDe=1;reservedCount=1;catalogMtime=1785870076;assetDirMtime=1785870226
2026-08-04T20:28:47.341Z;installed;installed;installed;installedDe=1;reservedDe=1;reservedCount=1;catalogMtime=1785870076;assetDirMtime=1785870226
2026-08-04T20:28:52.579Z;installed;installed;installed;installedDe=1;reservedDe=1;reservedCount=1;catalogMtime=1785870076;assetDirMtime=1785870226
2026-08-04T20:28:57.919Z;installed;installed;installed;installedDe=1;reservedDe=1;reservedCount=1;catalogMtime=1785870076;assetDirMtime=1785870226
2026-08-04T20:29:03.005Z;installed;installed;installed;installedDe=1;reservedDe=1;reservedCount=1;catalogMtime=1785870076;assetDirMtime=1785870226
2026-08-04T20:29:08.298Z;installed;installed;installed;installedDe=1;reservedDe=1;reservedCount=1;catalogMtime=1785870076;assetDirMtime=1785870226
2026-08-04T20:29:13.610Z;installed;installed;installed;installedDe=1;reservedDe=1;reservedCount=1;catalogMtime=1785870076;assetDirMtime=1785870226
2026-08-04T20:29:18.926Z;installed;installed;installed;installedDe=1;reservedDe=1;reservedCount=1;catalogMtime=1785870076;assetDirMtime=1785870226
2026-08-04T20:29:24.257Z;installed;installed;installed;installedDe=1;reservedDe=1;reservedCount=1;catalogMtime=1785870076;assetDirMtime=1785870226
2026-08-04T20:29:29.576Z;installed;installed;installed;installedDe=1;reservedDe=1;reservedCount=1;catalogMtime=1785870076;assetDirMtime=1785870226
2026-08-04T20:29:34.806Z;installed;installed;installed;installedDe=1;reservedDe=1;reservedCount=1;catalogMtime=1785870076;assetDirMtime=1785870226
2026-08-04T20:29:40.005Z;installed;installed;installed;installedDe=1;reservedDe=1;reservedCount=1;catalogMtime=1785870076;assetDirMtime=1785870226
2026-08-04T20:29:45.343Z;installed;installed;installed;installedDe=1;reservedDe=1;reservedCount=1;catalogMtime=1785870076;assetDirMtime=1785870226
2026-08-04T20:29:50.488Z;installed;installed;installed;installedDe=1;reservedDe=1;reservedCount=1;catalogMtime=1785870076;assetDirMtime=1785870226
2026-08-04T20:29:55.670Z;installed;installed;installed;installedDe=1;reservedDe=1;reservedCount=1;catalogMtime=1785870076;assetDirMtime=1785870226
2026-08-04T20:30:01.007Z;installed;installed;installed;installedDe=1;reservedDe=1;reservedCount=1;catalogMtime=1785870076;assetDirMtime=1785870226
2026-08-04T20:30:06.346Z;installed;installed;installed;installedDe=1;reservedDe=1;reservedCount=1;catalogMtime=1785870076;assetDirMtime=1785870226
2026-08-04T20:30:11.490Z;installed;installed;installed;installedDe=1;reservedDe=1;reservedCount=1;catalogMtime=1785870076;assetDirMtime=1785870226
2026-08-04T20:30:16.575Z;installed;installed;installed;installedDe=1;reservedDe=1;reservedCount=1;catalogMtime=1785870076;assetDirMtime=1785870226
2026-08-04T20:30:21.613Z;installed;installed;installed;installedDe=1;reservedDe=1;reservedCount=1;catalogMtime=1785870076;assetDirMtime=1785870226
2026-08-04T20:30:26.950Z;installed;installed;installed;installedDe=1;reservedDe=1;reservedCount=1;catalogMtime=1785870076;assetDirMtime=1785870226
2026-08-04T20:30:32.244Z;installed;installed;installed;installedDe=1;reservedDe=1;reservedCount=1;catalogMtime=1785870076;assetDirMtime=1785870226
2026-08-04T20:30:37.452Z;installed;installed;installed;installedDe=1;reservedDe=1;reservedCount=1;catalogMtime=1785870076;assetDirMtime=1785870226
2026-08-04T20:30:42.611Z;installed;installed;installed;installedDe=1;reservedDe=1;reservedCount=1;catalogMtime=1785870076;assetDirMtime=1785870226
2026-08-04T20:30:47.947Z;installed;installed;installed;installedDe=1;reservedDe=1;reservedCount=1;catalogMtime=1785870076;assetDirMtime=1785870226
2026-08-04T20:30:53.006Z;installed;installed;installed;installedDe=1;reservedDe=1;reservedCount=1;catalogMtime=1785870076;assetDirMtime=1785870226
2026-08-04T20:30:58.308Z;installed;installed;installed;installedDe=1;reservedDe=1;reservedCount=1;catalogMtime=1785870076;assetDirMtime=1785870226
2026-08-04T20:31:03.513Z;installed;installed;installed;installedDe=1;reservedDe=1;reservedCount=1;catalogMtime=1785870076;assetDirMtime=1785870226
2026-08-04T20:31:08.569Z;installed;installed;installed;installedDe=1;reservedDe=1;reservedCount=1;catalogMtime=1785870076;assetDirMtime=1785870226
2026-08-04T20:31:13.610Z;installed;installed;installed;installedDe=1;reservedDe=1;reservedCount=1;catalogMtime=1785870076;assetDirMtime=1785870226
2026-08-04T20:31:18.944Z;installed;installed;installed;installedDe=1;reservedDe=1;reservedCount=1;catalogMtime=1785870076;assetDirMtime=1785870226
2026-08-04T20:31:24.008Z;installed;installed;installed;installedDe=1;reservedDe=1;reservedCount=1;catalogMtime=1785870076;assetDirMtime=1785870226
2026-08-04T20:31:29.016Z;installed;installed;installed;installedDe=1;reservedDe=1;reservedCount=1;catalogMtime=1785870076;assetDirMtime=1785870226
2026-08-04T20:31:34.287Z;installed;installed;installed;installedDe=1;reservedDe=1;reservedCount=1;catalogMtime=1785870076;assetDirMtime=1785870226
2026-08-04T20:31:39.492Z;installed;installed;installed;installedDe=1;reservedDe=1;reservedCount=1;catalogMtime=1785870076;assetDirMtime=1785870226
2026-08-04T20:31:44.610Z;installed;installed;installed;installedDe=1;reservedDe=1;reservedCount=1;catalogMtime=1785870076;assetDirMtime=1785870226
2026-08-04T20:31:49.945Z;installed;installed;installed;installedDe=1;reservedDe=1;reservedCount=1;catalogMtime=1785870076;assetDirMtime=1785870226
2026-08-04T20:31:55.006Z;installed;installed;installed;installedDe=1;reservedDe=1;reservedCount=1;catalogMtime=1785870076;assetDirMtime=1785870226
2026-08-04T20:32:00.347Z;installed;installed;installed;installedDe=1;reservedDe=1;reservedCount=1;catalogMtime=1785870076;assetDirMtime=1785870226
2026-08-04T20:32:05.611Z;installed;installed;installed;installedDe=1;reservedDe=1;reservedCount=1;catalogMtime=1785870076;assetDirMtime=1785870226
2026-08-04T20:32:10.884Z;installed;installed;installed;installedDe=1;reservedDe=1;reservedCount=1;catalogMtime=1785870076;assetDirMtime=1785870226
2026-08-04T20:32:16.138Z;installed;installed;installed;installedDe=1;reservedDe=1;reservedCount=1;catalogMtime=1785870076;assetDirMtime=1785870226
2026-08-04T20:32:21.476Z;installed;installed;installed;installedDe=1;reservedDe=1;reservedCount=1;catalogMtime=1785870076;assetDirMtime=1785870226
2026-08-04T20:32:26.691Z;installed;installed;installed;installedDe=1;reservedDe=1;reservedCount=1;catalogMtime=1785870076;assetDirMtime=1785870226
2026-08-04T20:32:32.018Z;installed;installed;installed;installedDe=1;reservedDe=1;reservedCount=1;catalogMtime=1785870076;assetDirMtime=1785870226
2026-08-04T20:32:37.273Z;installed;installed;installed;installedDe=1;reservedDe=1;reservedCount=1;catalogMtime=1785875552;assetDirMtime=1785875552
2026-08-04T20:32:42.546Z;installed;installed;installed;installedDe=1;reservedDe=1;reservedCount=1;catalogMtime=1785875552;assetDirMtime=1785875552
2026-08-04T20:32:47.876Z;installed;installed;installed;installedDe=1;reservedDe=1;reservedCount=1;catalogMtime=1785875552;assetDirMtime=1785875552
2026-08-04T20:32:53.044Z;installed;installed;installed;installedDe=1;reservedDe=1;reservedCount=1;catalogMtime=1785875552;assetDirMtime=1785875552
2026-08-04T20:32:58.194Z;installed;installed;installed;installedDe=1;reservedDe=1;reservedCount=1;catalogMtime=1785875552;assetDirMtime=1785875552
2026-08-04T20:33:03.468Z;installed;installed;installed;installedDe=1;reservedDe=1;reservedCount=1;catalogMtime=1785875552;assetDirMtime=1785875552
2026-08-04T20:33:08.521Z;installed;installed;installed;installedDe=1;reservedDe=1;reservedCount=1;catalogMtime=1785875552;assetDirMtime=1785875552
2026-08-04T20:33:13.593Z;installed;installed;installed;installedDe=1;reservedDe=1;reservedCount=1;catalogMtime=1785875552;assetDirMtime=1785875552
2026-08-04T20:33:18.854Z;installed;installed;installed;installedDe=1;reservedDe=1;reservedCount=1;catalogMtime=1785875552;assetDirMtime=1785875552
2026-08-04T20:33:24.011Z;installed;installed;installed;installedDe=1;reservedDe=1;reservedCount=1;catalogMtime=1785875552;assetDirMtime=1785875552
2026-08-04T20:33:29.290Z;installed;installed;installed;installedDe=1;reservedDe=1;reservedCount=1;catalogMtime=1785875552;assetDirMtime=1785875552
2026-08-04T20:33:34.513Z;installed;installed;installed;installedDe=1;reservedDe=1;reservedCount=1;catalogMtime=1785875552;assetDirMtime=1785875552
2026-08-04T20:33:39.750Z;installed;installed;installed;installedDe=1;reservedDe=1;reservedCount=1;catalogMtime=1785875552;assetDirMtime=1785875552
2026-08-04T20:33:45.007Z;installed;installed;installed;installedDe=1;reservedDe=1;reservedCount=1;catalogMtime=1785875552;assetDirMtime=1785875552
2026-08-04T20:33:50.346Z;installed;installed;installed;installedDe=1;reservedDe=1;reservedCount=1;catalogMtime=1785875552;assetDirMtime=1785875552
2026-08-04T20:33:55.613Z;installed;installed;installed;installedDe=1;reservedDe=1;reservedCount=1;catalogMtime=1785875552;assetDirMtime=1785875552
2026-08-04T20:34:00.939Z;installed;installed;installed;installedDe=1;reservedDe=1;reservedCount=1;catalogMtime=1785875552;assetDirMtime=1785875552
2026-08-04T20:34:06.271Z;installed;installed;installed;installedDe=1;reservedDe=1;reservedCount=1;catalogMtime=1785875552;assetDirMtime=1785875552
2026-08-04T20:34:11.510Z;installed;installed;installed;installedDe=1;reservedDe=1;reservedCount=1;catalogMtime=1785875552;assetDirMtime=1785875552
2026-08-04T20:34:16.613Z;installed;installed;installed;installedDe=1;reservedDe=1;reservedCount=1;catalogMtime=1785875552;assetDirMtime=1785875552
2026-08-04T20:34:21.952Z;installed;installed;installed;installedDe=1;reservedDe=1;reservedCount=1;catalogMtime=1785875552;assetDirMtime=1785875552
2026-08-04T20:34:27.005Z;installed;installed;installed;installedDe=1;reservedDe=1;reservedCount=1;catalogMtime=1785875552;assetDirMtime=1785875552
2026-08-04T20:34:32.013Z;installed;installed;installed;installedDe=1;reservedDe=1;reservedCount=1;catalogMtime=1785875552;assetDirMtime=1785875552
2026-08-04T20:34:37.124Z;installed;installed;installed;installedDe=1;reservedDe=1;reservedCount=1;catalogMtime=1785875552;assetDirMtime=1785875552
2026-08-04T20:34:42.134Z;installed;installed;installed;installedDe=1;reservedDe=1;reservedCount=1;catalogMtime=1785875552;assetDirMtime=1785875552
2026-08-04T20:34:47.473Z;installed;installed;installed;installedDe=1;reservedDe=1;reservedCount=1;catalogMtime=1785875552;assetDirMtime=1785875552
2026-08-04T20:34:52.611Z;installed;installed;installed;installedDe=1;reservedDe=1;reservedCount=1;catalogMtime=1785875552;assetDirMtime=1785875552
2026-08-04T20:34:57.942Z;installed;installed;installed;installedDe=1;reservedDe=1;reservedCount=1;catalogMtime=1785875552;assetDirMtime=1785875552
2026-08-04T20:35:03.061Z;installed;installed;installed;installedDe=1;reservedDe=1;reservedCount=1;catalogMtime=1785875552;assetDirMtime=1785875552
2026-08-04T20:35:08.378Z;installed;installed;installed;installedDe=1;reservedDe=1;reservedCount=1;catalogMtime=1785875552;assetDirMtime=1785875552
2026-08-04T20:35:13.535Z;installed;installed;installed;installedDe=1;reservedDe=1;reservedCount=1;catalogMtime=1785875552;assetDirMtime=1785875552
2026-08-04T20:35:18.607Z;installed;installed;installed;installedDe=1;reservedDe=1;reservedCount=1;catalogMtime=1785875552;assetDirMtime=1785875552
2026-08-04T20:35:23.615Z;installed;installed;installed;installedDe=1;reservedDe=1;reservedCount=1;catalogMtime=1785875552;assetDirMtime=1785875552
2026-08-04T20:35:28.678Z;installed;installed;installed;installedDe=1;reservedDe=1;reservedCount=1;catalogMtime=1785875552;assetDirMtime=1785875552
2026-08-04T20:35:34.012Z;installed;installed;installed;installedDe=1;reservedDe=1;reservedCount=1;catalogMtime=1785875552;assetDirMtime=1785875552
2026-08-04T20:35:39.358Z;installed;installed;installed;installedDe=1;reservedDe=1;reservedCount=1;catalogMtime=1785875552;assetDirMtime=1785875552
2026-08-04T20:35:44.689Z;installed;installed;installed;installedDe=1;reservedDe=1;reservedCount=1;catalogMtime=1785875552;assetDirMtime=1785875552
2026-08-04T20:35:50.005Z;installed;installed;installed;installedDe=1;reservedDe=1;reservedCount=1;catalogMtime=1785875552;assetDirMtime=1785875552
2026-08-04T20:35:55.273Z;installed;installed;installed;installedDe=1;reservedDe=1;reservedCount=1;catalogMtime=1785875552;assetDirMtime=1785875552
2026-08-04T20:36:00.564Z;installed;installed;installed;installedDe=1;reservedDe=1;reservedCount=1;catalogMtime=1785875552;assetDirMtime=1785875552
2026-08-04T20:36:05.808Z;installed;installed;installed;installedDe=1;reservedDe=1;reservedCount=1;catalogMtime=1785875552;assetDirMtime=1785875552
2026-08-04T20:36:11.062Z;installed;installed;installed;installedDe=1;reservedDe=1;reservedCount=1;catalogMtime=1785875552;assetDirMtime=1785875552
2026-08-04T20:36:16.398Z;installed;installed;installed;installedDe=1;reservedDe=1;reservedCount=1;catalogMtime=1785875552;assetDirMtime=1785875552
2026-08-04T20:36:21.595Z;installed;installed;installed;installedDe=1;reservedDe=1;reservedCount=1;catalogMtime=1785875552;assetDirMtime=1785875552
2026-08-04T20:36:26.637Z;installed;installed;installed;installedDe=1;reservedDe=1;reservedCount=1;catalogMtime=1785875552;assetDirMtime=1785875552
2026-08-04T20:36:31.654Z;installed;installed;installed;installedDe=1;reservedDe=1;reservedCount=1;catalogMtime=1785875552;assetDirMtime=1785875552
2026-08-04T20:36:36.766Z;installed;installed;installed;installedDe=1;reservedDe=1;reservedCount=1;catalogMtime=1785875552;assetDirMtime=1785875552
2026-08-04T20:36:42.041Z;installed;installed;installed;installedDe=1;reservedDe=1;reservedCount=1;catalogMtime=1785875552;assetDirMtime=1785875552
2026-08-04T20:36:47.313Z;installed;installed;installed;installedDe=1;reservedDe=1;reservedCount=1;catalogMtime=1785875552;assetDirMtime=1785875552
2026-08-04T20:36:52.613Z;installed;installed;installed;installedDe=1;reservedDe=1;reservedCount=1;catalogMtime=1785875552;assetDirMtime=1785875552
2026-08-04T20:36:57.730Z;installed;installed;installed;installedDe=1;reservedDe=1;reservedCount=1;catalogMtime=1785875552;assetDirMtime=1785875552
2026-08-04T20:37:03.011Z;installed;installed;installed;installedDe=1;reservedDe=1;reservedCount=1;catalogMtime=1785875552;assetDirMtime=1785875552
2026-08-04T20:37:08.351Z;installed;installed;installed;installedDe=1;reservedDe=1;reservedCount=1;catalogMtime=1785875552;assetDirMtime=1785875552
2026-08-04T20:37:13.598Z;installed;installed;installed;installedDe=1;reservedDe=1;reservedCount=1;catalogMtime=1785875552;assetDirMtime=1785875552
2026-08-04T20:37:19.029Z;installed;installed;installed;installedDe=1;reservedDe=1;reservedCount=1;catalogMtime=1785875552;assetDirMtime=1785875552
2026-08-04T20:37:24.243Z;installed;installed;installed;installedDe=1;reservedDe=1;reservedCount=1;catalogMtime=1785875552;assetDirMtime=1785875552
2026-08-04T20:37:29.434Z;installed;installed;installed;installedDe=1;reservedDe=1;reservedCount=1;catalogMtime=1785875552;assetDirMtime=1785875552
2026-08-04T20:37:34.533Z;installed;installed;installed;installedDe=1;reservedDe=1;reservedCount=1;catalogMtime=1785875552;assetDirMtime=1785875552
2026-08-04T20:37:39.597Z;installed;installed;installed;installedDe=1;reservedDe=1;reservedCount=1;catalogMtime=1785875552;assetDirMtime=1785875552
2026-08-04T20:37:44.937Z;installed;installed;installed;installedDe=1;reservedDe=1;reservedCount=1;catalogMtime=1785875552;assetDirMtime=1785875552
2026-08-04T20:37:50.090Z;installed;installed;installed;installedDe=1;reservedDe=1;reservedCount=1;catalogMtime=1785875552;assetDirMtime=1785875552
2026-08-04T20:37:55.347Z;installed;installed;installed;installedDe=1;reservedDe=1;reservedCount=1;catalogMtime=1785875552;assetDirMtime=1785875552
2026-08-04T20:38:00.583Z;installed;installed;installed;installedDe=1;reservedDe=1;reservedCount=1;catalogMtime=1785875552;assetDirMtime=1785875552
2026-08-04T20:38:05.792Z;installed;installed;installed;installedDe=1;reservedDe=1;reservedCount=1;catalogMtime=1785875552;assetDirMtime=1785875552
2026-08-04T20:38:11.015Z;installed;installed;installed;installedDe=1;reservedDe=1;reservedCount=1;catalogMtime=1785875552;assetDirMtime=1785875552
2026-08-04T20:38:16.129Z;installed;installed;installed;installedDe=1;reservedDe=1;reservedCount=1;catalogMtime=1785875552;assetDirMtime=1785875552
2026-08-04T20:38:21.461Z;installed;installed;installed;installedDe=1;reservedDe=1;reservedCount=1;catalogMtime=1785875552;assetDirMtime=1785875552
2026-08-04T20:38:26.611Z;installed;installed;installed;installedDe=1;reservedDe=1;reservedCount=1;catalogMtime=1785875552;assetDirMtime=1785875552
2026-08-04T20:38:31.782Z;installed;installed;installed;installedDe=1;reservedDe=1;reservedCount=1;catalogMtime=1785875552;assetDirMtime=1785875552
2026-08-04T20:38:37.107Z;installed;installed;installed;installedDe=1;reservedDe=1;reservedCount=1;catalogMtime=1785875552;assetDirMtime=1785875552
2026-08-04T20:38:42.116Z;installed;installed;installed;installedDe=1;reservedDe=1;reservedCount=1;catalogMtime=1785875552;assetDirMtime=1785875552
2026-08-04T20:38:47.450Z;installed;installed;installed;installedDe=1;reservedDe=1;reservedCount=1;catalogMtime=1785875552;assetDirMtime=1785875552
2026-08-04T20:38:52.578Z;installed;installed;installed;installedDe=1;reservedDe=1;reservedCount=1;catalogMtime=1785875552;assetDirMtime=1785875552
2026-08-04T20:38:57.612Z;installed;installed;installed;installedDe=1;reservedDe=1;reservedCount=1;catalogMtime=1785875552;assetDirMtime=1785875552
2026-08-04T20:39:02.718Z;installed;installed;installed;installedDe=1;reservedDe=1;reservedCount=1;catalogMtime=1785875552;assetDirMtime=1785875552
2026-08-04T20:39:08.006Z;installed;installed;installed;installedDe=1;reservedDe=1;reservedCount=1;catalogMtime=1785875552;assetDirMtime=1785875552
2026-08-04T20:39:13.340Z;installed;installed;installed;installedDe=1;reservedDe=1;reservedCount=1;catalogMtime=1785875552;assetDirMtime=1785875552
2026-08-04T20:39:18.668Z;installed;installed;installed;installedDe=1;reservedDe=1;reservedCount=1;catalogMtime=1785875552;assetDirMtime=1785875552
2026-08-04T20:39:24.010Z;installed;installed;installed;installedDe=1;reservedDe=1;reservedCount=1;catalogMtime=1785875552;assetDirMtime=1785875552
2026-08-04T20:39:29.042Z;installed;installed;installed;installedDe=1;reservedDe=1;reservedCount=1;catalogMtime=1785875552;assetDirMtime=1785875552
2026-08-04T20:39:34.071Z;installed;installed;installed;installedDe=1;reservedDe=1;reservedCount=1;catalogMtime=1785875552;assetDirMtime=1785875552
2026-08-04T20:39:39.339Z;installed;installed;installed;installedDe=1;reservedDe=1;reservedCount=1;catalogMtime=1785875552;assetDirMtime=1785875552
2026-08-04T20:39:44.593Z;installed;installed;installed;installedDe=1;reservedDe=1;reservedCount=1;catalogMtime=1785875552;assetDirMtime=1785875552
2026-08-04T20:39:49.879Z;installed;installed;installed;installedDe=1;reservedDe=1;reservedCount=1;catalogMtime=1785875552;assetDirMtime=1785875552
2026-08-04T20:39:55.167Z;installed;installed;installed;installedDe=1;reservedDe=1;reservedCount=1;catalogMtime=1785875552;assetDirMtime=1785875552
2026-08-04T20:40:00.316Z;installed;installed;installed;installedDe=1;reservedDe=1;reservedCount=1;catalogMtime=1785875552;assetDirMtime=1785875552
2026-08-04T20:40:05.596Z;installed;installed;installed;installedDe=1;reservedDe=1;reservedCount=1;catalogMtime=1785875552;assetDirMtime=1785875552
2026-08-04T20:40:10.879Z;installed;installed;installed;installedDe=1;reservedDe=1;reservedCount=1;catalogMtime=1785875552;assetDirMtime=1785875552
2026-08-04T20:40:16.018Z;installed;installed;installed;installedDe=1;reservedDe=1;reservedCount=1;catalogMtime=1785875552;assetDirMtime=1785875552
2026-08-04T20:40:21.330Z;installed;installed;installed;installedDe=1;reservedDe=1;reservedCount=1;catalogMtime=1785875552;assetDirMtime=1785875552
2026-08-04T20:40:26.662Z;installed;installed;installed;installedDe=1;reservedDe=1;reservedCount=1;catalogMtime=1785875552;assetDirMtime=1785875552
2026-08-04T20:40:31.680Z;installed;installed;installed;installedDe=1;reservedDe=1;reservedCount=1;catalogMtime=1785875552;assetDirMtime=1785875552
2026-08-04T20:40:37.013Z;installed;installed;installed;installedDe=1;reservedDe=1;reservedCount=1;catalogMtime=1785875552;assetDirMtime=1785875552
2026-08-04T20:40:42.025Z;installed;installed;installed;installedDe=1;reservedDe=1;reservedCount=1;catalogMtime=1785875552;assetDirMtime=1785875552
2026-08-04T20:40:47.225Z;installed;installed;installed;installedDe=1;reservedDe=1;reservedCount=1;catalogMtime=1785875552;assetDirMtime=1785875552
2026-08-04T20:40:52.500Z;installed;installed;installed;installedDe=1;reservedDe=1;reservedCount=1;catalogMtime=1785875552;assetDirMtime=1785875552
2026-08-04T20:40:57.576Z;installed;installed;installed;installedDe=1;reservedDe=1;reservedCount=1;catalogMtime=1785875552;assetDirMtime=1785875552
2026-08-04T20:41:02.811Z;installed;installed;installed;installedDe=1;reservedDe=1;reservedCount=1;catalogMtime=1785875552;assetDirMtime=1785875552
2026-08-04T20:41:08.015Z;installed;installed;installed;installedDe=1;reservedDe=1;reservedCount=1;catalogMtime=1785875552;assetDirMtime=1785875552
2026-08-04T20:41:13.324Z;installed;installed;installed;installedDe=1;reservedDe=1;reservedCount=1;catalogMtime=1785875552;assetDirMtime=1785875552
2026-08-04T20:41:18.596Z;installed;installed;installed;installedDe=1;reservedDe=1;reservedCount=1;catalogMtime=1785875552;assetDirMtime=1785875552
2026-08-04T20:41:23.945Z;installed;installed;installed;installedDe=1;reservedDe=1;reservedCount=1;catalogMtime=1785875552;assetDirMtime=1785875552
2026-08-04T20:41:29.067Z;installed;installed;installed;installedDe=1;reservedDe=1;reservedCount=1;catalogMtime=1785875552;assetDirMtime=1785875552
2026-08-04T20:41:34.098Z;installed;installed;installed;installedDe=1;reservedDe=1;reservedCount=1;catalogMtime=1785875552;assetDirMtime=1785875552
2026-08-04T20:41:39.403Z;installed;installed;installed;installedDe=1;reservedDe=1;reservedCount=1;catalogMtime=1785875552;assetDirMtime=1785875552
2026-08-04T20:41:44.634Z;installed;installed;installed;installedDe=1;reservedDe=1;reservedCount=1;catalogMtime=1785875552;assetDirMtime=1785875552
2026-08-04T20:41:49.826Z;installed;installed;installed;installedDe=1;reservedDe=1;reservedCount=1;catalogMtime=1785875552;assetDirMtime=1785875552
2026-08-04T20:41:55.011Z;installed;installed;installed;installedDe=1;reservedDe=1;reservedCount=1;catalogMtime=1785875552;assetDirMtime=1785875552
2026-08-04T20:42:00.343Z;installed;installed;installed;installedDe=1;reservedDe=1;reservedCount=1;catalogMtime=1785875552;assetDirMtime=1785875552
2026-08-04T20:42:05.625Z;installed;installed;installed;installedDe=1;reservedDe=1;reservedCount=1;catalogMtime=1785875552;assetDirMtime=1785875552
2026-08-04T20:42:10.848Z;installed;installed;installed;installedDe=1;reservedDe=1;reservedCount=1;catalogMtime=1785875552;assetDirMtime=1785875552
2026-08-04T20:42:16.007Z;installed;installed;installed;installedDe=1;reservedDe=1;reservedCount=1;catalogMtime=1785875552;assetDirMtime=1785875552
2026-08-04T20:42:21.336Z;installed;installed;installed;installedDe=1;reservedDe=1;reservedCount=1;catalogMtime=1785875552;assetDirMtime=1785875552
2026-08-04T20:42:26.609Z;installed;installed;installed;installedDe=1;reservedDe=1;reservedCount=1;catalogMtime=1785875552;assetDirMtime=1785875552
2026-08-04T20:42:31.656Z;installed;installed;installed;installedDe=1;reservedDe=1;reservedCount=1;catalogMtime=1785875552;assetDirMtime=1785875552
2026-08-04T20:42:36.966Z;installed;installed;installed;installedDe=1;reservedDe=1;reservedCount=1;catalogMtime=1785875552;assetDirMtime=1785875552
2026-08-04T20:42:42.005Z;installed;installed;installed;installedDe=1;reservedDe=1;reservedCount=1;catalogMtime=1785875552;assetDirMtime=1785875552
2026-08-04T20:42:47.338Z;installed;installed;installed;installedDe=1;reservedDe=1;reservedCount=1;catalogMtime=1785875552;assetDirMtime=1785875552
2026-08-04T20:42:52.615Z;installed;installed;installed;installedDe=1;reservedDe=1;reservedCount=1;catalogMtime=1785875552;assetDirMtime=1785875552
2026-08-04T20:42:57.954Z;installed;installed;installed;installedDe=1;reservedDe=1;reservedCount=1;catalogMtime=1785875552;assetDirMtime=1785875552
2026-08-04T20:43:03.009Z;installed;installed;installed;installedDe=1;reservedDe=1;reservedCount=1;catalogMtime=1785875552;assetDirMtime=1785875552
2026-08-04T20:43:08.349Z;installed;installed;installed;installedDe=1;reservedDe=1;reservedCount=1;catalogMtime=1785875552;assetDirMtime=1785875552
2026-08-04T20:43:13.617Z;installed;installed;installed;installedDe=1;reservedDe=1;reservedCount=1;catalogMtime=1785875552;assetDirMtime=1785875552
2026-08-04T20:43:18.676Z;installed;installed;installed;installedDe=1;reservedDe=1;reservedCount=1;catalogMtime=1785875552;assetDirMtime=1785875552
2026-08-04T20:43:24.009Z;installed;installed;installed;installedDe=1;reservedDe=1;reservedCount=1;catalogMtime=1785875552;assetDirMtime=1785875552
2026-08-04T20:43:29.027Z;installed;installed;installed;installedDe=1;reservedDe=1;reservedCount=1;catalogMtime=1785875552;assetDirMtime=1785875552
2026-08-04T20:43:34.043Z;installed;installed;installed;installedDe=1;reservedDe=1;reservedCount=1;catalogMtime=1785875552;assetDirMtime=1785875552
2026-08-04T20:43:39.284Z;installed;installed;installed;installedDe=1;reservedDe=1;reservedCount=1;catalogMtime=1785875552;assetDirMtime=1785875552
2026-08-04T20:43:44.603Z;installed;installed;installed;installedDe=1;reservedDe=1;reservedCount=1;catalogMtime=1785875552;assetDirMtime=1785875552
2026-08-04T20:43:49.748Z;installed;installed;installed;installedDe=1;reservedDe=1;reservedCount=1;catalogMtime=1785875552;assetDirMtime=1785875552
2026-08-04T20:43:55.007Z;installed;installed;installed;installedDe=1;reservedDe=1;reservedCount=1;catalogMtime=1785875552;assetDirMtime=1785875552
2026-08-04T20:44:00.354Z;installed;installed;installed;installedDe=1;reservedDe=1;reservedCount=1;catalogMtime=1785875552;assetDirMtime=1785875552
2026-08-04T20:44:05.571Z;installed;installed;installed;installedDe=1;reservedDe=1;reservedCount=1;catalogMtime=1785875552;assetDirMtime=1785875552
2026-08-04T20:44:10.592Z;installed;installed;installed;installedDe=1;reservedDe=1;reservedCount=1;catalogMtime=1785875552;assetDirMtime=1785875552
2026-08-04T20:44:15.732Z;installed;installed;installed;installedDe=1;reservedDe=1;reservedCount=1;catalogMtime=1785875552;assetDirMtime=1785875552
2026-08-04T20:44:21.013Z;installed;installed;installed;installedDe=1;reservedDe=1;reservedCount=1;catalogMtime=1785875552;assetDirMtime=1785875552
2026-08-04T20:44:26.270Z;installed;installed;installed;installedDe=1;reservedDe=1;reservedCount=1;catalogMtime=1785875552;assetDirMtime=1785875552
2026-08-04T20:44:31.541Z;installed;installed;installed;installedDe=1;reservedDe=1;reservedCount=1;catalogMtime=1785875552;assetDirMtime=1785875552
2026-08-04T20:44:36.647Z;installed;installed;installed;installedDe=1;reservedDe=1;reservedCount=1;catalogMtime=1785875552;assetDirMtime=1785875552
2026-08-04T20:44:41.698Z;installed;installed;installed;installedDe=1;reservedDe=1;reservedCount=1;catalogMtime=1785875552;assetDirMtime=1785875552
2026-08-04T20:44:47.016Z;installed;installed;installed;installedDe=1;reservedDe=1;reservedCount=1;catalogMtime=1785875552;assetDirMtime=1785875552
2026-08-04T20:44:52.335Z;installed;installed;installed;installedDe=1;reservedDe=1;reservedCount=1;catalogMtime=1785875552;assetDirMtime=1785875552
2026-08-04T20:44:57.580Z;installed;installed;installed;installedDe=1;reservedDe=1;reservedCount=1;catalogMtime=1785875552;assetDirMtime=1785875552
2026-08-04T20:45:02.618Z;installed;installed;installed;installedDe=1;reservedDe=1;reservedCount=1;catalogMtime=1785875552;assetDirMtime=1785875552
2026-08-04T20:45:07.952Z;installed;installed;installed;installedDe=1;reservedDe=1;reservedCount=1;catalogMtime=1785875552;assetDirMtime=1785875552
2026-08-04T20:45:13.085Z;installed;installed;installed;installedDe=1;reservedDe=1;reservedCount=1;catalogMtime=1785875552;assetDirMtime=1785875552
2026-08-04T20:45:18.200Z;installed;installed;installed;installedDe=1;reservedDe=1;reservedCount=1;catalogMtime=1785875552;assetDirMtime=1785875552
2026-08-04T20:45:23.438Z;installed;installed;installed;installedDe=1;reservedDe=1;reservedCount=1;catalogMtime=1785875552;assetDirMtime=1785875552
2026-08-04T20:45:28.534Z;installed;installed;installed;installedDe=1;reservedDe=1;reservedCount=1;catalogMtime=1785875552;assetDirMtime=1785875552
2026-08-04T20:45:33.569Z;installed;installed;installed;installedDe=1;reservedDe=1;reservedCount=1;catalogMtime=1785875552;assetDirMtime=1785875552
2026-08-04T20:45:38.680Z;installed;installed;installed;installedDe=1;reservedDe=1;reservedCount=1;catalogMtime=1785875552;assetDirMtime=1785875552
2026-08-04T20:45:44.347Z;installed;installed;installed;installedDe=1;reservedDe=1;reservedCount=1;catalogMtime=1785875552;assetDirMtime=1785875552
2026-08-04T20:45:49.746Z;installed;installed;installed;installedDe=1;reservedDe=1;reservedCount=1;catalogMtime=1785875552;assetDirMtime=1785875552
2026-08-04T20:45:55.024Z;installed;installed;installed;installedDe=1;reservedDe=1;reservedCount=1;catalogMtime=1785875552;assetDirMtime=1785875552
2026-08-04T20:46:00.242Z;installed;installed;installed;installedDe=1;reservedDe=1;reservedCount=1;catalogMtime=1785875552;assetDirMtime=1785875552
2026-08-04T20:46:05.449Z;installed;installed;installed;installedDe=1;reservedDe=1;reservedCount=1;catalogMtime=1785875552;assetDirMtime=1785875552
2026-08-04T20:46:10.767Z;installed;installed;installed;installedDe=1;reservedDe=1;reservedCount=1;catalogMtime=1785875552;assetDirMtime=1785875552
2026-08-04T20:46:16.024Z;installed;installed;installed;installedDe=1;reservedDe=1;reservedCount=1;catalogMtime=1785875552;assetDirMtime=1785875552
2026-08-04T20:46:21.230Z;installed;installed;installed;installedDe=1;reservedDe=1;reservedCount=1;catalogMtime=1785875552;assetDirMtime=1785875552
2026-08-04T20:46:26.557Z;installed;installed;installed;installedDe=1;reservedDe=1;reservedCount=1;catalogMtime=1785875552;assetDirMtime=1785875552
2026-08-04T20:46:31.671Z;installed;installed;installed;installedDe=1;reservedDe=1;reservedCount=1;catalogMtime=1785875552;assetDirMtime=1785875552
2026-08-04T20:46:37.033Z;installed;installed;installed;installedDe=1;reservedDe=1;reservedCount=1;catalogMtime=1785875552;assetDirMtime=1785875552
2026-08-04T20:46:42.081Z;installed;installed;installed;installedDe=1;reservedDe=1;reservedCount=1;catalogMtime=1785875552;assetDirMtime=1785875552
2026-08-04T20:46:47.338Z;installed;installed;installed;installedDe=1;reservedDe=1;reservedCount=1;catalogMtime=1785875552;assetDirMtime=1785875552
2026-08-04T20:46:52.624Z;installed;installed;installed;installedDe=1;reservedDe=1;reservedCount=1;catalogMtime=1785875552;assetDirMtime=1785875552
2026-08-04T20:46:57.674Z;installed;installed;installed;installedDe=1;reservedDe=1;reservedCount=1;catalogMtime=1785875552;assetDirMtime=1785875552
2026-08-04T20:47:03.019Z;installed;installed;installed;installedDe=1;reservedDe=1;reservedCount=1;catalogMtime=1785875552;assetDirMtime=1785875552
2026-08-04T20:47:08.153Z;installed;installed;installed;installedDe=1;reservedDe=1;reservedCount=1;catalogMtime=1785875552;assetDirMtime=1785875552
2026-08-04T20:47:13.456Z;installed;installed;installed;installedDe=1;reservedDe=1;reservedCount=1;catalogMtime=1785875552;assetDirMtime=1785875552
2026-08-04T20:47:18.562Z;installed;installed;installed;installedDe=1;reservedDe=1;reservedCount=1;catalogMtime=1785875552;assetDirMtime=1785875552
2026-08-04T20:47:23.603Z;installed;installed;installed;installedDe=1;reservedDe=1;reservedCount=1;catalogMtime=1785875552;assetDirMtime=1785875552
2026-08-04T20:47:28.621Z;installed;installed;installed;installedDe=1;reservedDe=1;reservedCount=1;catalogMtime=1785875552;assetDirMtime=1785875552
2026-08-04T20:47:33.954Z;installed;installed;installed;installedDe=1;reservedDe=1;reservedCount=1;catalogMtime=1785875552;assetDirMtime=1785875552
2026-08-04T20:47:39.010Z;installed;installed;installed;installedDe=1;reservedDe=1;reservedCount=1;catalogMtime=1785875552;assetDirMtime=1785875552
2026-08-04T20:47:44.364Z;installed;installed;installed;installedDe=1;reservedDe=1;reservedCount=1;catalogMtime=1785875552;assetDirMtime=1785875552
2026-08-04T20:47:49.539Z;installed;installed;installed;installedDe=1;reservedDe=1;reservedCount=1;catalogMtime=1785875552;assetDirMtime=1785875552
2026-08-04T20:47:54.612Z;installed;installed;installed;installedDe=1;reservedDe=1;reservedCount=1;catalogMtime=1785875552;assetDirMtime=1785875552
2026-08-04T20:47:59.861Z;installed;installed;installed;installedDe=1;reservedDe=1;reservedCount=1;catalogMtime=1785875552;assetDirMtime=1785875552
2026-08-04T20:48:05.138Z;installed;installed;installed;installedDe=1;reservedDe=1;reservedCount=1;catalogMtime=1785875552;assetDirMtime=1785875552
2026-08-04T20:48:10.237Z;installed;installed;installed;installedDe=1;reservedDe=1;reservedCount=1;catalogMtime=1785875552;assetDirMtime=1785875552
2026-08-04T20:48:15.457Z;installed;installed;installed;installedDe=1;reservedDe=1;reservedCount=1;catalogMtime=1785875552;assetDirMtime=1785875552
2026-08-04T20:48:20.540Z;installed;installed;installed;installedDe=1;reservedDe=1;reservedCount=1;catalogMtime=1785875552;assetDirMtime=1785875552
2026-08-04T20:48:25.850Z;installed;installed;installed;installedDe=1;reservedDe=1;reservedCount=1;catalogMtime=1785875552;assetDirMtime=1785875552
2026-08-04T20:48:31.075Z;installed;installed;installed;installedDe=1;reservedDe=1;reservedCount=1;catalogMtime=1785875552;assetDirMtime=1785875552
2026-08-04T20:48:36.126Z;installed;installed;installed;installedDe=1;reservedDe=1;reservedCount=1;catalogMtime=1785875552;assetDirMtime=1785875552
2026-08-04T20:48:41.146Z;installed;installed;installed;installedDe=1;reservedDe=1;reservedCount=1;catalogMtime=1785875552;assetDirMtime=1785875552
2026-08-04T20:48:46.264Z;installed;installed;installed;installedDe=1;reservedDe=1;reservedCount=1;catalogMtime=1785875552;assetDirMtime=1785875552
